// Jest Snapshot v1, https://goo.gl/fbAQLP

exports[`AvailabilityCalendar component should render 1`] = `
<div
  className="root"
>
  <AvailabilityCalendarSetAll
    onClick={[Function]}
  />
  <div
    className="calendar"
  >
    <AvailabilityCalendarDay
      availability={
        Availability {
          "status": 0,
        }
      }
      day={1}
      key="0"
    />
    <AvailabilityCalendarDay
      availability={
        Availability {
          "status": 0,
        }
      }
      day={2}
      key="1"
    />
    <AvailabilityCalendarDay
      availability={
        Availability {
          "status": 0,
        }
      }
      day={3}
      key="2"
    />
    <AvailabilityCalendarDay
      availability={
        Availability {
          "status": 0,
        }
      }
      day={4}
      key="3"
    />
    <AvailabilityCalendarDay
      availability={
        Availability {
          "status": 0,
        }
      }
      day={5}
      key="4"
    />
    <AvailabilityCalendarDay
      availability={
        Availability {
          "status": 0,
        }
      }
      day={6}
      key="5"
    />
    <AvailabilityCalendarDay
      availability={
        Availability {
          "status": 0,
        }
      }
      day={7}
      key="6"
    />
    <AvailabilityCalendarDay
      availability={
        Availability {
          "status": 0,
        }
      }
      day={8}
      key="7"
    />
    <AvailabilityCalendarDay
      availability={
        Availability {
          "status": 0,
        }
      }
      day={9}
      key="8"
    />
    <AvailabilityCalendarDay
      availability={
        Availability {
          "status": 0,
        }
      }
      day={10}
      key="9"
    />
    <AvailabilityCalendarDay
      availability={
        Availability {
          "status": 0,
        }
      }
      day={11}
      key="10"
    />
    <AvailabilityCalendarDay
      availability={
        Availability {
          "status": 0,
        }
      }
      day={12}
      key="11"
    />
    <AvailabilityCalendarDay
      availability={
        Availability {
          "status": 0,
        }
      }
      day={13}
      key="12"
    />
    <AvailabilityCalendarDay
      availability={
        Availability {
          "status": 0,
        }
      }
      day={14}
      key="13"
    />
    <AvailabilityCalendarDay
      availability={
        Availability {
          "status": 0,
        }
      }
      day={15}
      key="14"
    />
    <AvailabilityCalendarDay
      availability={
        Availability {
          "status": 0,
        }
      }
      day={16}
      key="15"
    />
    <AvailabilityCalendarDay
      availability={
        Availability {
          "status": 0,
        }
      }
      day={17}
      key="16"
    />
    <AvailabilityCalendarDay
      availability={
        Availability {
          "status": 0,
        }
      }
      day={18}
      key="17"
    />
    <AvailabilityCalendarDay
      availability={
        Availability {
          "status": 0,
        }
      }
      day={19}
      key="18"
    />
    <AvailabilityCalendarDay
      availability={
        Availability {
          "status": 0,
        }
      }
      day={20}
      key="19"
    />
    <AvailabilityCalendarDay
      availability={
        Availability {
          "status": 0,
        }
      }
      day={21}
      key="20"
    />
    <AvailabilityCalendarDay
      availability={
        Availability {
          "status": 0,
        }
      }
      day={22}
      key="21"
    />
    <AvailabilityCalendarDay
      availability={
        Availability {
          "status": 0,
        }
      }
      day={23}
      key="22"
    />
    <AvailabilityCalendarDay
      availability={
        Availability {
          "status": 0,
        }
      }
      day={24}
      key="23"
    />
    <AvailabilityCalendarDay
      availability={
        Availability {
          "status": 0,
        }
      }
      day={25}
      key="24"
    />
    <AvailabilityCalendarDay
      availability={
        Availability {
          "status": 0,
        }
      }
      day={26}
      key="25"
    />
    <AvailabilityCalendarDay
      availability={
        Availability {
          "status": 0,
        }
      }
      day={27}
      key="26"
    />
    <AvailabilityCalendarDay
      availability={
        Availability {
          "status": 0,
        }
      }
      day={28}
      key="27"
    />
    <AvailabilityCalendarDay
      availability={
        Availability {
          "status": 0,
        }
      }
      day={29}
      key="28"
    />
    <AvailabilityCalendarDay
      availability={
        Availability {
          "status": 0,
        }
      }
      day={30}
      key="29"
    />
    <AvailabilityCalendarDay
      availability={
        Availability {
          "status": 0,
        }
      }
      day={31}
      key="30"
    />
  </div>
</div>
`;
