// Jest Snapshot v1, https://goo.gl/fbAQLP

exports[`AvailabilityCalendarSetAll component should render properly 1`] = `
<div
  className="root"
>
  <div
    className="label"
  >
    Set all:
  </div>
  <Button
    className="button"
    color="yellow"
    key="0"
    onClick={[Function]}
    title="Click to set all to Free"
  >
    Free
  </Button>
  <Button
    className="button"
    color="green"
    key="1"
    onClick={[Function]}
    title="Click to set all to Keen"
  >
    Keen
  </Button>
  <Button
    className="button"
    color="red"
    key="-1"
    onClick={[Function]}
    title="Click to set all to Busy"
  >
    Busy
  </Button>
</div>
`;
