// Jest Snapshot v1, https://goo.gl/fbAQLP

exports[`ShowUser component should render 1`] = `
<div>
  <header>
    <h3>
      Marty McFly
    </h3>
    <h4>
      Doctor
       
      Specialist
    </h4>
  </header>
  <AvailabilityCalendar
    calendar={
      AvailabilityCalendar {
        "days": Array [
          Object {
            "availability": Availability {
              "status": 0,
            },
            "date": 2017-10-31T23:00:00.000Z,
          },
          Object {
            "availability": Availability {
              "status": 0,
            },
            "date": 2017-11-01T23:00:00.000Z,
          },
          Object {
            "availability": Availability {
              "status": 0,
            },
            "date": 2017-11-02T23:00:00.000Z,
          },
          Object {
            "availability": Availability {
              "status": 0,
            },
            "date": 2017-11-03T23:00:00.000Z,
          },
          Object {
            "availability": Availability {
              "status": 0,
            },
            "date": 2017-11-04T23:00:00.000Z,
          },
          Object {
            "availability": Availability {
              "status": 0,
            },
            "date": 2017-11-05T23:00:00.000Z,
          },
          Object {
            "availability": Availability {
              "status": 0,
            },
            "date": 2017-11-06T23:00:00.000Z,
          },
          Object {
            "availability": Availability {
              "status": 0,
            },
            "date": 2017-11-07T23:00:00.000Z,
          },
          Object {
            "availability": Availability {
              "status": 0,
            },
            "date": 2017-11-08T23:00:00.000Z,
          },
          Object {
            "availability": Availability {
              "status": 0,
            },
            "date": 2017-11-09T23:00:00.000Z,
          },
          Object {
            "availability": Availability {
              "status": 0,
            },
            "date": 2017-11-10T23:00:00.000Z,
          },
          Object {
            "availability": Availability {
              "status": 0,
            },
            "date": 2017-11-11T23:00:00.000Z,
          },
          Object {
            "availability": Availability {
              "status": 0,
            },
            "date": 2017-11-12T23:00:00.000Z,
          },
          Object {
            "availability": Availability {
              "status": 0,
            },
            "date": 2017-11-13T23:00:00.000Z,
          },
          Object {
            "availability": Availability {
              "status": 0,
            },
            "date": 2017-11-14T23:00:00.000Z,
          },
          Object {
            "availability": Availability {
              "status": 0,
            },
            "date": 2017-11-15T23:00:00.000Z,
          },
          Object {
            "availability": Availability {
              "status": 0,
            },
            "date": 2017-11-16T23:00:00.000Z,
          },
          Object {
            "availability": Availability {
              "status": 0,
            },
            "date": 2017-11-17T23:00:00.000Z,
          },
          Object {
            "availability": Availability {
              "status": 0,
            },
            "date": 2017-11-18T23:00:00.000Z,
          },
          Object {
            "availability": Availability {
              "status": 0,
            },
            "date": 2017-11-19T23:00:00.000Z,
          },
          Object {
            "availability": Availability {
              "status": 0,
            },
            "date": 2017-11-20T23:00:00.000Z,
          },
          Object {
            "availability": Availability {
              "status": 0,
            },
            "date": 2017-11-21T23:00:00.000Z,
          },
          Object {
            "availability": Availability {
              "status": 0,
            },
            "date": 2017-11-22T23:00:00.000Z,
          },
          Object {
            "availability": Availability {
              "status": 0,
            },
            "date": 2017-11-23T23:00:00.000Z,
          },
          Object {
            "availability": Availability {
              "status": 0,
            },
            "date": 2017-11-24T23:00:00.000Z,
          },
          Object {
            "availability": Availability {
              "status": 0,
            },
            "date": 2017-11-25T23:00:00.000Z,
          },
          Object {
            "availability": Availability {
              "status": 0,
            },
            "date": 2017-11-26T23:00:00.000Z,
          },
          Object {
            "availability": Availability {
              "status": 0,
            },
            "date": 2017-11-27T23:00:00.000Z,
          },
          Object {
            "availability": Availability {
              "status": 0,
            },
            "date": 2017-11-28T23:00:00.000Z,
          },
          Object {
            "availability": Availability {
              "status": 0,
            },
            "date": 2017-11-29T23:00:00.000Z,
          },
        ],
      }
    }
  />
</div>
`;
