// Jest Snapshot v1, https://goo.gl/fbAQLP

exports[`ShiftsCalendarModal component should render 1`] = `
<div
  className="root"
>
  <div
    className="modal"
  >
    <div
      className="header"
    >
      <Button
        marginless={true}
        onClick={[Function]}
      >
        Close
      </Button>
    </div>
    <div
      className="content"
    >
      <CheckboxButton
        checked={true}
        color="yellow"
        id="a0"
        key="a0"
        label="user1"
        onChange={[Function]}
        value="a0"
      />
      <CheckboxButton
        checked={false}
        color="red"
        id="a1"
        key="a1"
        label="user2"
        onChange={[Function]}
        value="a1"
      />
      <CheckboxButton
        checked={false}
        color="green"
        id="a2"
        key="a2"
        label="user3"
        onChange={[Function]}
        value="a2"
      />
    </div>
  </div>
</div>
`;
