// Jest Snapshot v1, https://goo.gl/fbAQLP

exports[`ShiftsCalendarModal component should render 1`] = `
<div
  className="root"
>
  <div
    className="modal"
  >
    <div
      className="header"
    >
      <div
        className="button"
        onClick={[Function]}
        role="button"
      >
        Close
      </div>
    </div>
    <div
      className="content"
    >
      <div
        className="user"
        key="a0"
      >
        <input
          checked={true}
          className="input"
          id="a0"
          onChange={[Function]}
          type="checkbox"
          value="a0"
        />
        <label
          className="label free"
          htmlFor="a0"
        >
          user1
        </label>
      </div>
      <div
        className="user"
        key="a1"
      >
        <input
          checked={false}
          className="input"
          id="a1"
          onChange={[Function]}
          type="checkbox"
          value="a1"
        />
        <label
          className="label busy"
          htmlFor="a1"
        >
          user2
        </label>
      </div>
      <div
        className="user"
        key="a2"
      >
        <input
          checked={false}
          className="input"
          id="a2"
          onChange={[Function]}
          type="checkbox"
          value="a2"
        />
        <label
          className="label keen"
          htmlFor="a2"
        >
          user3
        </label>
      </div>
    </div>
  </div>
</div>
`;
