// Jest Snapshot v1, https://goo.gl/fbAQLP

exports[`Login component should render 1`] = `
<form
  className="root"
  onSubmit={[Function]}
>
  <div
    className="field"
  >
    <TextInput
      id="email"
      isInvalid={false}
      label="Email"
      marginless={true}
      onChange={[Function]}
      value=""
    />
  </div>
  <div
    className="field"
  >
    <TextInput
      id="password"
      isInvalid={false}
      label="Password"
      marginless={true}
      onChange={[Function]}
      type="password"
      value=""
    />
  </div>
  <div
    className="submit"
  >
    <Button
      disabled={true}
      marginless={true}
      type="submit"
    >
      Login
    </Button>
  </div>
</form>
`;
